Archive member included to satisfy reference by file (symbol)

c:/progra~2/gnuarm~1/102021~1.10/bin/../lib/gcc/arm-none-eabi/10.3.1/thumb/v7e-m/nofp\libgcc.a(_aeabi_uldivmod.o)
                              CMakeFiles/ecat_test.elf.dir/Drivers/STM32F4xx_HAL_Driver/Src/stm32f4xx_hal_rcc.c.obj (__aeabi_uldivmod)
c:/progra~2/gnuarm~1/102021~1.10/bin/../lib/gcc/arm-none-eabi/10.3.1/thumb/v7e-m/nofp\libgcc.a(_udivmoddi4.o)
                              c:/progra~2/gnuarm~1/102021~1.10/bin/../lib/gcc/arm-none-eabi/10.3.1/thumb/v7e-m/nofp\libgcc.a(_aeabi_uldivmod.o) (__udivmoddi4)
c:/progra~2/gnuarm~1/102021~1.10/bin/../lib/gcc/arm-none-eabi/10.3.1/thumb/v7e-m/nofp\libgcc.a(_dvmd_tls.o)
                              c:/progra~2/gnuarm~1/102021~1.10/bin/../lib/gcc/arm-none-eabi/10.3.1/thumb/v7e-m/nofp\libgcc.a(_aeabi_uldivmod.o) (__aeabi_ldiv0)
c:/progra~2/gnuarm~1/102021~1.10/bin/../lib/gcc/arm-none-eabi/10.3.1/../../../../arm-none-eabi/lib/thumb/v7e-m/nofp\libg.a(lib_a-errno.o)
                              CMakeFiles/ecat_test.elf.dir/Core/Src/syscalls.c.obj (__errno)
c:/progra~2/gnuarm~1/102021~1.10/bin/../lib/gcc/arm-none-eabi/10.3.1/../../../../arm-none-eabi/lib/thumb/v7e-m/nofp\libg.a(lib_a-exit.o)
                              c:/progra~2/gnuarm~1/102021~1.10/bin/../lib/gcc/arm-none-eabi/10.3.1/../../../../arm-none-eabi/lib/thumb/v7e-m/nofp/crt0.o (exit)
c:/progra~2/gnuarm~1/102021~1.10/bin/../lib/gcc/arm-none-eabi/10.3.1/../../../../arm-none-eabi/lib/thumb/v7e-m/nofp\libg.a(lib_a-impure.o)
                              c:/progra~2/gnuarm~1/102021~1.10/bin/../lib/gcc/arm-none-eabi/10.3.1/../../../../arm-none-eabi/lib/thumb/v7e-m/nofp\libg.a(lib_a-exit.o) (_global_impure_ptr)
c:/progra~2/gnuarm~1/102021~1.10/bin/../lib/gcc/arm-none-eabi/10.3.1/../../../../arm-none-eabi/lib/thumb/v7e-m/nofp\libg.a(lib_a-init.o)
                              c:/progra~2/gnuarm~1/102021~1.10/bin/../lib/gcc/arm-none-eabi/10.3.1/../../../../arm-none-eabi/lib/thumb/v7e-m/nofp/crt0.o (__libc_init_array)
c:/progra~2/gnuarm~1/102021~1.10/bin/../lib/gcc/arm-none-eabi/10.3.1/../../../../arm-none-eabi/lib/thumb/v7e-m/nofp\libg.a(lib_a-memset.o)
                              c:/progra~2/gnuarm~1/102021~1.10/bin/../lib/gcc/arm-none-eabi/10.3.1/../../../../arm-none-eabi/lib/thumb/v7e-m/nofp/crt0.o (memset)
c:/progra~2/gnuarm~1/102021~1.10/bin/../lib/gcc/arm-none-eabi/10.3.1/../../../../arm-none-eabi/lib/thumb/v7e-m/nofp\libg.a(lib_a-__call_atexit.o)
                              c:/progra~2/gnuarm~1/102021~1.10/bin/../lib/gcc/arm-none-eabi/10.3.1/../../../../arm-none-eabi/lib/thumb/v7e-m/nofp\libg.a(lib_a-exit.o) (__call_exitprocs)
c:/progra~2/gnuarm~1/102021~1.10/bin/../lib/gcc/arm-none-eabi/10.3.1/../../../../arm-none-eabi/lib/thumb/v7e-m/nofp\libg.a(lib_a-atexit.o)
                              c:/progra~2/gnuarm~1/102021~1.10/bin/../lib/gcc/arm-none-eabi/10.3.1/../../../../arm-none-eabi/lib/thumb/v7e-m/nofp\libg.a(lib_a-__call_atexit.o) (atexit)
c:/progra~2/gnuarm~1/102021~1.10/bin/../lib/gcc/arm-none-eabi/10.3.1/../../../../arm-none-eabi/lib/thumb/v7e-m/nofp\libg.a(lib_a-fini.o)
                              c:/progra~2/gnuarm~1/102021~1.10/bin/../lib/gcc/arm-none-eabi/10.3.1/../../../../arm-none-eabi/lib/thumb/v7e-m/nofp\libg.a(lib_a-__call_atexit.o) (__libc_fini_array)
c:/progra~2/gnuarm~1/102021~1.10/bin/../lib/gcc/arm-none-eabi/10.3.1/../../../../arm-none-eabi/lib/thumb/v7e-m/nofp\libg.a(lib_a-lock.o)
                              c:/progra~2/gnuarm~1/102021~1.10/bin/../lib/gcc/arm-none-eabi/10.3.1/../../../../arm-none-eabi/lib/thumb/v7e-m/nofp\libg.a(lib_a-__call_atexit.o) (__retarget_lock_acquire_recursive)
c:/progra~2/gnuarm~1/102021~1.10/bin/../lib/gcc/arm-none-eabi/10.3.1/../../../../arm-none-eabi/lib/thumb/v7e-m/nofp\libg.a(lib_a-__atexit.o)
                              c:/progra~2/gnuarm~1/102021~1.10/bin/../lib/gcc/arm-none-eabi/10.3.1/../../../../arm-none-eabi/lib/thumb/v7e-m/nofp\libg.a(lib_a-atexit.o) (__register_exitproc)

Discarded input sections

 .text          0x00000000        0x0 c:/progra~2/gnuarm~1/102021~1.10/bin/../lib/gcc/arm-none-eabi/10.3.1/thumb/v7e-m/nofp/crti.o
 .data          0x00000000        0x0 c:/progra~2/gnuarm~1/102021~1.10/bin/../lib/gcc/arm-none-eabi/10.3.1/thumb/v7e-m/nofp/crti.o
 .bss           0x00000000        0x0 c:/progra~2/gnuarm~1/102021~1.10/bin/../lib/gcc/arm-none-eabi/10.3.1/thumb/v7e-m/nofp/crti.o
 .data          0x00000000        0x4 c:/progra~2/gnuarm~1/102021~1.10/bin/../lib/gcc/arm-none-eabi/10.3.1/thumb/v7e-m/nofp/crtbegin.o
 .rodata        0x00000000       0x24 c:/progra~2/gnuarm~1/102021~1.10/bin/../lib/gcc/arm-none-eabi/10.3.1/thumb/v7e-m/nofp/crtbegin.o
 .text          0x00000000       0x7c c:/progra~2/gnuarm~1/102021~1.10/bin/../lib/gcc/arm-none-eabi/10.3.1/../../../../arm-none-eabi/lib/thumb/v7e-m/nofp/crt0.o
 .data          0x00000000        0x0 c:/progra~2/gnuarm~1/102021~1.10/bin/../lib/gcc/arm-none-eabi/10.3.1/../../../../arm-none-eabi/lib/thumb/v7e-m/nofp/crt0.o
[...]
Memory Configuration

Name             Origin             Length             Attributes
CCMRAM           0x10000000         0x00010000         xrw
RAM              0x20000000         0x00020000         xrw
FLASH            0x08000000         0x00100000         xr
*default*        0x00000000         0xffffffff

Linker script and memory map

LOAD c:/progra~2/gnuarm~1/102021~1.10/bin/../lib/gcc/arm-none-eabi/10.3.1/thumb/v7e-m/nofp/crti.o
LOAD c:/progra~2/gnuarm~1/102021~1.10/bin/../lib/gcc/arm-none-eabi/10.3.1/thumb/v7e-m/nofp/crtbegin.o
LOAD c:/progra~2/gnuarm~1/102021~1.10/bin/../lib/gcc/arm-none-eabi/10.3.1/../../../../arm-none-eabi/lib/thumb/v7e-m/nofp/crt0.o
LOAD CMakeFiles/ecat_test.elf.dir/Core/Src/gpio.c.obj
LOAD CMakeFiles/ecat_test.elf.dir/Core/Src/main.c.obj
LOAD CMakeFiles/ecat_test.elf.dir/Core/Src/spi.c.obj
LOAD CMakeFiles/ecat_test.elf.dir/Core/Src/stm32f4xx_hal_msp.c.obj
LOAD CMakeFiles/ecat_test.elf.dir/Core/Src/stm32f4xx_it.c.obj
LOAD CMakeFiles/ecat_test.elf.dir/Core/Src/syscalls.c.obj
LOAD CMakeFiles/ecat_test.elf.dir/Core/Src/sysmem.c.obj
LOAD CMakeFiles/ecat_test.elf.dir/Core/Src/system_stm32f4xx.c.obj
LOAD CMakeFiles/ecat_test.elf.dir/Core/Src/tim.c.obj
LOAD CMakeFiles/ecat_test.elf.dir/Core/Startup/startup_stm32f405rgtx.s.obj
LOAD CMakeFiles/ecat_test.elf.dir/Drivers/STM32F4xx_HAL_Driver/Src/stm32f4xx_hal.c.obj
LOAD CMakeFiles/ecat_test.elf.dir/Drivers/STM32F4xx_HAL_Driver/Src/stm32f4xx_hal_cortex.c.obj
LOAD CMakeFiles/ecat_test.elf.dir/Drivers/STM32F4xx_HAL_Driver/Src/stm32f4xx_hal_dma.c.obj
LOAD CMakeFiles/ecat_test.elf.dir/Drivers/STM32F4xx_HAL_Driver/Src/stm32f4xx_hal_dma_ex.c.obj
LOAD CMakeFiles/ecat_test.elf.dir/Drivers/STM32F4xx_HAL_Driver/Src/stm32f4xx_hal_exti.c.obj
LOAD CMakeFiles/ecat_test.elf.dir/Drivers/STM32F4xx_HAL_Driver/Src/stm32f4xx_hal_flash.c.obj
LOAD CMakeFiles/ecat_test.elf.dir/Drivers/STM32F4xx_HAL_Driver/Src/stm32f4xx_hal_flash_ex.c.obj
LOAD CMakeFiles/ecat_test.elf.dir/Drivers/STM32F4xx_HAL_Driver/Src/stm32f4xx_hal_flash_ramfunc.c.obj
LOAD CMakeFiles/ecat_test.elf.dir/Drivers/STM32F4xx_HAL_Driver/Src/stm32f4xx_hal_gpio.c.obj
LOAD CMakeFiles/ecat_test.elf.dir/Drivers/STM32F4xx_HAL_Driver/Src/stm32f4xx_hal_pwr.c.obj
LOAD CMakeFiles/ecat_test.elf.dir/Drivers/STM32F4xx_HAL_Driver/Src/stm32f4xx_hal_pwr_ex.c.obj
LOAD CMakeFiles/ecat_test.elf.dir/Drivers/STM32F4xx_HAL_Driver/Src/stm32f4xx_hal_rcc.c.obj
LOAD CMakeFiles/ecat_test.elf.dir/Drivers/STM32F4xx_HAL_Driver/Src/stm32f4xx_hal_rcc_ex.c.obj
LOAD CMakeFiles/ecat_test.elf.dir/Drivers/STM32F4xx_HAL_Driver/Src/stm32f4xx_hal_spi.c.obj
LOAD CMakeFiles/ecat_test.elf.dir/Drivers/STM32F4xx_HAL_Driver/Src/stm32f4xx_hal_tim.c.obj
LOAD CMakeFiles/ecat_test.elf.dir/Drivers/STM32F4xx_HAL_Driver/Src/stm32f4xx_hal_tim_ex.c.obj
START GROUP
LOAD c:/progra~2/gnuarm~1/102021~1.10/bin/../lib/gcc/arm-none-eabi/10.3.1/thumb/v7e-m/nofp\libgcc.a
LOAD c:/progra~2/gnuarm~1/102021~1.10/bin/../lib/gcc/arm-none-eabi/10.3.1/../../../../arm-none-eabi/lib/thumb/v7e-m/nofp\libg.a
LOAD c:/progra~2/gnuarm~1/102021~1.10/bin/../lib/gcc/arm-none-eabi/10.3.1/../../../../arm-none-eabi/lib/thumb/v7e-m/nofp\libc.a
END GROUP
LOAD c:/progra~2/gnuarm~1/102021~1.10/bin/../lib/gcc/arm-none-eabi/10.3.1/thumb/v7e-m/nofp/crtend.o
LOAD c:/progra~2/gnuarm~1/102021~1.10/bin/../lib/gcc/arm-none-eabi/10.3.1/thumb/v7e-m/nofp/crtn.o
                0x20020000                _estack = (ORIGIN (RAM) + LENGTH (RAM))
                0x00000200                _Min_Heap_Size = 0x200
                0x00000400                _Min_Stack_Size = 0x400

.isr_vector     0x08000000      0x188
                0x08000000                . = ALIGN (0x4)
 *(.isr_vector)
 .isr_vector    0x08000000      0x188 CMakeFiles/ecat_test.elf.dir/Core/Startup/startup_stm32f405rgtx.s.obj
                0x08000000                g_pfnVectors
                0x08000188                . = ALIGN (0x4)

.text           0x08000188     0x18b4
                0x08000188                . = ALIGN (0x4)
 *(.text)
 .text          0x08000188       0x40 c:/progra~2/gnuarm~1/102021~1.10/bin/../lib/gcc/arm-none-eabi/10.3.1/thumb/v7e-m/nofp/crtbegin.o
 .text          0x080001c8       0x30 c:/progra~2/gnuarm~1/102021~1.10/bin/../lib/gcc/arm-none-eabi/10.3.1/thumb/v7e-m/nofp\libgcc.a(_aeabi_uldivmod.o)
                0x080001c8                __aeabi_uldivmod
 .text          0x080001f8      0x2d0 c:/progra~2/gnuarm~1/102021~1.10/bin/../lib/gcc/arm-none-eabi/10.3.1/thumb/v7e-m/nofp\libgcc.a(_udivmoddi4.o)
                0x080001f8                __udivmoddi4
 .text          0x080004c8        0x4 c:/progra~2/gnuarm~1/102021~1.10/bin/../lib/gcc/arm-none-eabi/10.3.1/thumb/v7e-m/nofp\libgcc.a(_dvmd_tls.o)
                0x080004c8                __aeabi_idiv0
                0x080004c8                __aeabi_ldiv0
 *(.text*)
 .text.MX_GPIO_Init
                0x080004cc       0xf8 CMakeFiles/ecat_test.elf.dir/Core/Src/gpio.c.obj
                0x080004cc                MX_GPIO_Init
 .text.Error_Handler
                0x080005c4        0x4 CMakeFiles/ecat_test.elf.dir/Core/Src/main.c.obj
                0x080005c4                Error_Handler
 .text.SystemClock_Config
                0x080005c8       0xa8 CMakeFiles/ecat_test.elf.dir/Core/Src/main.c.obj
                0x080005c8                SystemClock_Config
 .text.main     0x08000670       0x44 CMakeFiles/ecat_test.elf.dir/Core/Src/main.c.obj
                0x08000670                main
 .text.MX_SPI2_Init
                0x080006b4       0x40 CMakeFiles/ecat_test.elf.dir/Core/Src/spi.c.obj
                0x080006b4                MX_SPI2_Init
 .text.HAL_SPI_MspInit
                0x080006f4       0x9c CMakeFiles/ecat_test.elf.dir/Core/Src/spi.c.obj
                0x080006f4                HAL_SPI_MspInit
 .text.HAL_MspInit
                0x08000790       0x40 CMakeFiles/ecat_test.elf.dir/Core/Src/stm32f4xx_hal_msp.c.obj
                0x08000790                HAL_MspInit
 .text.NMI_Handler
                0x080007d0        0x2 CMakeFiles/ecat_test.elf.dir/Core/Src/stm32f4xx_it.c.obj
                0x080007d0                NMI_Handler
 .text.HardFault_Handler
                0x080007d2        0x2 CMakeFiles/ecat_test.elf.dir/Core/Src/stm32f4xx_it.c.obj
                0x080007d2                HardFault_Handler
 .text.MemManage_Handler
                0x080007d4        0x2 CMakeFiles/ecat_test.elf.dir/Core/Src/stm32f4xx_it.c.obj
                0x080007d4                MemManage_Handler
 .text.BusFault_Handler
                0x080007d6        0x2 CMakeFiles/ecat_test.elf.dir/Core/Src/stm32f4xx_it.c.obj
                0x080007d6                BusFault_Handler
 .text.UsageFault_Handler
                0x080007d8        0x2 CMakeFiles/ecat_test.elf.dir/Core/Src/stm32f4xx_it.c.obj
                0x080007d8                UsageFault_Handler
 .text.SVC_Handler
                0x080007da        0x2 CMakeFiles/ecat_test.elf.dir/Core/Src/stm32f4xx_it.c.obj
                0x080007da                SVC_Handler
 .text.DebugMon_Handler
                0x080007dc        0x2 CMakeFiles/ecat_test.elf.dir/Core/Src/stm32f4xx_it.c.obj
                0x080007dc                DebugMon_Handler
 .text.PendSV_Handler
                0x080007de        0x2 CMakeFiles/ecat_test.elf.dir/Core/Src/stm32f4xx_it.c.obj
                0x080007de                PendSV_Handler
 .text.SysTick_Handler
                0x080007e0        0x8 CMakeFiles/ecat_test.elf.dir/Core/Src/stm32f4xx_it.c.obj
                0x080007e0                SysTick_Handler
 .text.EXTI0_IRQHandler
                0x080007e8        0xa CMakeFiles/ecat_test.elf.dir/Core/Src/stm32f4xx_it.c.obj
                0x080007e8                EXTI0_IRQHandler
 .text.EXTI1_IRQHandler
                0x080007f2        0xa CMakeFiles/ecat_test.elf.dir/Core/Src/stm32f4xx_it.c.obj
                0x080007f2                EXTI1_IRQHandler
 .text.TIM4_IRQHandler
                0x080007fc       0x10 CMakeFiles/ecat_test.elf.dir/Core/Src/stm32f4xx_it.c.obj
                0x080007fc                TIM4_IRQHandler
 .text.EXTI15_10_IRQHandler
                0x0800080c        0xc CMakeFiles/ecat_test.elf.dir/Core/Src/stm32f4xx_it.c.obj
                0x0800080c                EXTI15_10_IRQHandler
 .text.SystemInit
                0x08000818        0x2 CMakeFiles/ecat_test.elf.dir/Core/Src/system_stm32f4xx.c.obj
                0x08000818                SystemInit
 *fill*         0x0800081a        0x2 
 .text.MX_TIM4_Init
                0x0800081c       0x70 CMakeFiles/ecat_test.elf.dir/Core/Src/tim.c.obj
                0x0800081c                MX_TIM4_Init
 .text.HAL_TIM_Base_MspInit
                0x0800088c       0x40 CMakeFiles/ecat_test.elf.dir/Core/Src/tim.c.obj
                0x0800088c                HAL_TIM_Base_MspInit
 .text.Reset_Handler
                0x080008cc       0x50 CMakeFiles/ecat_test.elf.dir/Core/Startup/startup_stm32f405rgtx.s.obj
                0x080008cc                Reset_Handler
 .text.Default_Handler
                0x0800091c        0x2 CMakeFiles/ecat_test.elf.dir/Core/Startup/startup_stm32f405rgtx.s.obj
                0x0800091c                RTC_Alarm_IRQHandler
                0x0800091c                HASH_RNG_IRQHandler
                0x0800091c                EXTI2_IRQHandler
                0x0800091c                TIM8_CC_IRQHandler
                0x0800091c                TIM1_CC_IRQHandler
                0x0800091c                DMA2_Stream5_IRQHandler
                0x0800091c                DMA1_Stream5_IRQHandler
                0x0800091c                PVD_IRQHandler
                0x0800091c                SDIO_IRQHandler
                0x0800091c                TAMP_STAMP_IRQHandler
                0x0800091c                CAN2_RX1_IRQHandler
                0x0800091c                EXTI3_IRQHandler
                0x0800091c                TIM8_TRG_COM_TIM14_IRQHandler
                0x0800091c                TIM1_UP_TIM10_IRQHandler
                0x0800091c                TIM8_UP_TIM13_IRQHandler
                0x0800091c                I2C3_ER_IRQHandler
                0x0800091c                I2C2_EV_IRQHandler
                0x0800091c                DMA1_Stream2_IRQHandler
                0x0800091c                CAN1_RX0_IRQHandler
                0x0800091c                FPU_IRQHandler
                0x0800091c                OTG_HS_WKUP_IRQHandler
                0x0800091c                CAN2_SCE_IRQHandler
                0x0800091c                DMA2_Stream2_IRQHandler
                0x0800091c                SPI1_IRQHandler
                0x0800091c                TIM6_DAC_IRQHandler
                0x0800091c                TIM1_BRK_TIM9_IRQHandler
                0x0800091c                CAN2_RX0_IRQHandler
                0x0800091c                DMA2_Stream3_IRQHandler
                0x0800091c                USART6_IRQHandler
                0x0800091c                USART3_IRQHandler
                0x0800091c                CAN1_RX1_IRQHandler
                0x0800091c                UART5_IRQHandler
                0x0800091c                DMA2_Stream0_IRQHandler
                0x0800091c                I2C1_EV_IRQHandler
                0x0800091c                DMA1_Stream6_IRQHandler
                0x0800091c                DMA1_Stream1_IRQHandler
                0x0800091c                UART4_IRQHandler
                0x0800091c                TIM3_IRQHandler
                0x0800091c                RCC_IRQHandler
                0x0800091c                TIM8_BRK_TIM12_IRQHandler
                0x0800091c                Default_Handler
                0x0800091c                ADC_IRQHandler
                0x0800091c                DMA1_Stream7_IRQHandler
                0x0800091c                TIM7_IRQHandler
                0x0800091c                CAN2_TX_IRQHandler
                0x0800091c                TIM5_IRQHandler
                0x0800091c                DMA2_Stream7_IRQHandler
                0x0800091c                I2C3_EV_IRQHandler
                0x0800091c                EXTI9_5_IRQHandler
                0x0800091c                RTC_WKUP_IRQHandler
                0x0800091c                SPI2_IRQHandler
                0x0800091c                OTG_HS_EP1_IN_IRQHandler
                0x0800091c                DMA1_Stream0_IRQHandler
                0x0800091c                CAN1_TX_IRQHandler
                0x0800091c                EXTI4_IRQHandler
                0x0800091c                FSMC_IRQHandler
                0x0800091c                OTG_HS_EP1_OUT_IRQHandler
                0x0800091c                WWDG_IRQHandler
                0x0800091c                TIM2_IRQHandler
                0x0800091c                OTG_FS_WKUP_IRQHandler
                0x0800091c                TIM1_TRG_COM_TIM11_IRQHandler
                0x0800091c                OTG_HS_IRQHandler
                0x0800091c                USART2_IRQHandler
                0x0800091c                I2C2_ER_IRQHandler
                0x0800091c                DMA2_Stream1_IRQHandler
                0x0800091c                CAN1_SCE_IRQHandler
                0x0800091c                FLASH_IRQHandler
                0x0800091c                DMA2_Stream4_IRQHandler
                0x0800091c                USART1_IRQHandler
                0x0800091c                OTG_FS_IRQHandler
                0x0800091c                SPI3_IRQHandler
                0x0800091c                DMA1_Stream4_IRQHandler
                0x0800091c                I2C1_ER_IRQHandler
                0x0800091c                DMA2_Stream6_IRQHandler
                0x0800091c                DMA1_Stream3_IRQHandler
 *fill*         0x0800091e        0x2 
 .text.HAL_InitTick
                0x08000920       0x4c CMakeFiles/ecat_test.elf.dir/Drivers/STM32F4xx_HAL_Driver/Src/stm32f4xx_hal.c.obj
                0x08000920                HAL_InitTick
 .text.HAL_Init
                0x0800096c       0x34 CMakeFiles/ecat_test.elf.dir/Drivers/STM32F4xx_HAL_Driver/Src/stm32f4xx_hal.c.obj
                0x0800096c                HAL_Init
 .text.HAL_IncTick
                0x080009a0       0x18 CMakeFiles/ecat_test.elf.dir/Drivers/STM32F4xx_HAL_Driver/Src/stm32f4xx_hal.c.obj
                0x080009a0                HAL_IncTick
 .text.HAL_GetTick
                0x080009b8        0xc CMakeFiles/ecat_test.elf.dir/Drivers/STM32F4xx_HAL_Driver/Src/stm32f4xx_hal.c.obj
                0x080009b8                HAL_GetTick
 .text.HAL_Delay
                0x080009c4       0x28 CMakeFiles/ecat_test.elf.dir/Drivers/STM32F4xx_HAL_Driver/Src/stm32f4xx_hal.c.obj
                0x080009c4                HAL_Delay
 .text.HAL_NVIC_SetPriorityGrouping
                0x080009ec       0x24 CMakeFiles/ecat_test.elf.dir/Drivers/STM32F4xx_HAL_Driver/Src/stm32f4xx_hal_cortex.c.obj
                0x080009ec                HAL_NVIC_SetPriorityGrouping
 .text.HAL_NVIC_SetPriority
                0x08000a10       0x70 CMakeFiles/ecat_test.elf.dir/Drivers/STM32F4xx_HAL_Driver/Src/stm32f4xx_hal_cortex.c.obj
                0x08000a10                HAL_NVIC_SetPriority
 .text.HAL_NVIC_EnableIRQ
                0x08000a80       0x1c CMakeFiles/ecat_test.elf.dir/Drivers/STM32F4xx_HAL_Driver/Src/stm32f4xx_hal_cortex.c.obj
                0x08000a80                HAL_NVIC_EnableIRQ
 .text.HAL_SYSTICK_Config
                0x08000a9c       0x28 CMakeFiles/ecat_test.elf.dir/Drivers/STM32F4xx_HAL_Driver/Src/stm32f4xx_hal_cortex.c.obj
                0x08000a9c                HAL_SYSTICK_Config
 .text.HAL_GPIO_Init
                0x08000ac4      0x1e4 CMakeFiles/ecat_test.elf.dir/Drivers/STM32F4xx_HAL_Driver/Src/stm32f4xx_hal_gpio.c.obj
                0x08000ac4                HAL_GPIO_Init
 .text.HAL_GPIO_WritePin
                0x08000ca8        0xc CMakeFiles/ecat_test.elf.dir/Drivers/STM32F4xx_HAL_Driver/Src/stm32f4xx_hal_gpio.c.obj
                0x08000ca8                HAL_GPIO_WritePin
 .text.HAL_GPIO_EXTI_Callback
                0x08000cb4        0x2 CMakeFiles/ecat_test.elf.dir/Drivers/STM32F4xx_HAL_Driver/Src/stm32f4xx_hal_gpio.c.obj
                0x08000cb4                HAL_GPIO_EXTI_Callback
 *fill*         0x08000cb6        0x2 
 .text.HAL_GPIO_EXTI_IRQHandler
                0x08000cb8       0x1c CMakeFiles/ecat_test.elf.dir/Drivers/STM32F4xx_HAL_Driver/Src/stm32f4xx_hal_gpio.c.obj
                0x08000cb8                HAL_GPIO_EXTI_IRQHandler
 .text.HAL_RCC_OscConfig
                0x08000cd4      0x3f8 CMakeFiles/ecat_test.elf.dir/Drivers/STM32F4xx_HAL_Driver/Src/stm32f4xx_hal_rcc.c.obj
                0x08000cd4                HAL_RCC_OscConfig
 .text.HAL_RCC_GetSysClockFreq
                0x080010cc       0xd4 CMakeFiles/ecat_test.elf.dir/Drivers/STM32F4xx_HAL_Driver/Src/stm32f4xx_hal_rcc.c.obj
                0x080010cc                HAL_RCC_GetSysClockFreq
 .text.HAL_RCC_ClockConfig
                0x080011a0      0x160 CMakeFiles/ecat_test.elf.dir/Drivers/STM32F4xx_HAL_Driver/Src/stm32f4xx_hal_rcc.c.obj
                0x080011a0                HAL_RCC_ClockConfig
 .text.HAL_SPI_Init
                0x08001300       0xbe CMakeFiles/ecat_test.elf.dir/Drivers/STM32F4xx_HAL_Driver/Src/stm32f4xx_hal_spi.c.obj
                0x08001300                HAL_SPI_Init
 .text.TIM_TI1_ConfigInputStage
                0x080013be       0x24 CMakeFiles/ecat_test.elf.dir/Drivers/STM32F4xx_HAL_Driver/Src/stm32f4xx_hal_tim.c.obj
 .text.TIM_TI2_ConfigInputStage
                0x080013e2       0x26 CMakeFiles/ecat_test.elf.dir/Drivers/STM32F4xx_HAL_Driver/Src/stm32f4xx_hal_tim.c.obj
 .text.TIM_ITRx_SetConfig
                0x08001408       0x10 CMakeFiles/ecat_test.elf.dir/Drivers/STM32F4xx_HAL_Driver/Src/stm32f4xx_hal_tim.c.obj
 .text.HAL_TIM_PeriodElapsedCallback
                0x08001418        0x2 CMakeFiles/ecat_test.elf.dir/Drivers/STM32F4xx_HAL_Driver/Src/stm32f4xx_hal_tim.c.obj
                0x08001418                HAL_TIM_PeriodElapsedCallback
 .text.HAL_TIM_OC_DelayElapsedCallback
                0x0800141a        0x2 CMakeFiles/ecat_test.elf.dir/Drivers/STM32F4xx_HAL_Driver/Src/stm32f4xx_hal_tim.c.obj
                0x0800141a                HAL_TIM_OC_DelayElapsedCallback
 .text.HAL_TIM_IC_CaptureCallback
                0x0800141c        0x2 CMakeFiles/ecat_test.elf.dir/Drivers/STM32F4xx_HAL_Driver/Src/stm32f4xx_hal_tim.c.obj
                0x0800141c                HAL_TIM_IC_CaptureCallback
 .text.HAL_TIM_PWM_PulseFinishedCallback
                0x0800141e        0x2 CMakeFiles/ecat_test.elf.dir/Drivers/STM32F4xx_HAL_Driver/Src/stm32f4xx_hal_tim.c.obj
                0x0800141e                HAL_TIM_PWM_PulseFinishedCallback
 .text.HAL_TIM_TriggerCallback
                0x08001420        0x2 CMakeFiles/ecat_test.elf.dir/Drivers/STM32F4xx_HAL_Driver/Src/stm32f4xx_hal_tim.c.obj
                0x08001420                HAL_TIM_TriggerCallback
 .text.HAL_TIM_IRQHandler
                0x08001422      0x15e CMakeFiles/ecat_test.elf.dir/Drivers/STM32F4xx_HAL_Driver/Src/stm32f4xx_hal_tim.c.obj
                0x08001422                HAL_TIM_IRQHandler
 .text.TIM_Base_SetConfig
                0x08001580       0xd8 CMakeFiles/ecat_test.elf.dir/Drivers/STM32F4xx_HAL_Driver/Src/stm32f4xx_hal_tim.c.obj
                0x08001580                TIM_Base_SetConfig
 .text.HAL_TIM_Base_Init
                0x08001658       0x58 CMakeFiles/ecat_test.elf.dir/Drivers/STM32F4xx_HAL_Driver/Src/stm32f4xx_hal_tim.c.obj
                0x08001658                HAL_TIM_Base_Init
 .text.TIM_ETR_SetConfig
                0x080016b0       0x18 CMakeFiles/ecat_test.elf.dir/Drivers/STM32F4xx_HAL_Driver/Src/stm32f4xx_hal_tim.c.obj
                0x080016b0                TIM_ETR_SetConfig
 .text.HAL_TIM_ConfigClockSource
                0x080016c8       0xfe CMakeFiles/ecat_test.elf.dir/Drivers/STM32F4xx_HAL_Driver/Src/stm32f4xx_hal_tim.c.obj
                0x080016c8                HAL_TIM_ConfigClockSource
 *fill*         0x080017c6        0x2 
 .text.HAL_TIMEx_MasterConfigSynchronization
                0x080017c8       0x8c CMakeFiles/ecat_test.elf.dir/Drivers/STM32F4xx_HAL_Driver/Src/stm32f4xx_hal_tim_ex.c.obj
                0x080017c8                HAL_TIMEx_MasterConfigSynchronization
 .text.HAL_TIMEx_CommutCallback
                0x08001854        0x2 CMakeFiles/ecat_test.elf.dir/Drivers/STM32F4xx_HAL_Driver/Src/stm32f4xx_hal_tim_ex.c.obj
                0x08001854                HAL_TIMEx_CommutCallback
 .text.HAL_TIMEx_BreakCallback
                0x08001856        0x2 CMakeFiles/ecat_test.elf.dir/Drivers/STM32F4xx_HAL_Driver/Src/stm32f4xx_hal_tim_ex.c.obj
                0x08001856                HAL_TIMEx_BreakCallback
 .text.__libc_init_array
                0x08001858       0x48 c:/progra~2/gnuarm~1/102021~1.10/bin/../lib/gcc/arm-none-eabi/10.3.1/../../../../arm-none-eabi/lib/thumb/v7e-m/nofp\libg.a(lib_a-init.o)
                0x08001858                __libc_init_array
 .text.memset   0x080018a0       0xa4 c:/progra~2/gnuarm~1/102021~1.10/bin/../lib/gcc/arm-none-eabi/10.3.1/../../../../arm-none-eabi/lib/thumb/v7e-m/nofp\libg.a(lib_a-memset.o)
                0x080018a0                memset
 .text.startup.register_fini
                0x08001944       0x14 c:/progra~2/gnuarm~1/102021~1.10/bin/../lib/gcc/arm-none-eabi/10.3.1/../../../../arm-none-eabi/lib/thumb/v7e-m/nofp\libg.a(lib_a-__call_atexit.o)
 .text.atexit   0x08001958        0xc c:/progra~2/gnuarm~1/102021~1.10/bin/../lib/gcc/arm-none-eabi/10.3.1/../../../../arm-none-eabi/lib/thumb/v7e-m/nofp\libg.a(lib_a-atexit.o)
                0x08001958                atexit
 .text.__libc_fini_array
                0x08001964       0x2c c:/progra~2/gnuarm~1/102021~1.10/bin/../lib/gcc/arm-none-eabi/10.3.1/../../../../arm-none-eabi/lib/thumb/v7e-m/nofp\libg.a(lib_a-fini.o)
                0x08001964                __libc_fini_array
 .text.__retarget_lock_acquire_recursive
                0x08001990        0x4 c:/progra~2/gnuarm~1/102021~1.10/bin/../lib/gcc/arm-none-eabi/10.3.1/../../../../arm-none-eabi/lib/thumb/v7e-m/nofp\libg.a(lib_a-lock.o)
                0x08001990                __retarget_lock_acquire_recursive
 .text.__retarget_lock_release_recursive
                0x08001994        0x4 c:/progra~2/gnuarm~1/102021~1.10/bin/../lib/gcc/arm-none-eabi/10.3.1/../../../../arm-none-eabi/lib/thumb/v7e-m/nofp\libg.a(lib_a-lock.o)
                0x08001994                __retarget_lock_release_recursive
 .text.__register_exitproc
                0x08001998       0x8c c:/progra~2/gnuarm~1/102021~1.10/bin/../lib/gcc/arm-none-eabi/10.3.1/../../../../arm-none-eabi/lib/thumb/v7e-m/nofp\libg.a(lib_a-__atexit.o)
                0x08001998                __register_exitproc
 *(.glue_7)
 .glue_7        0x08001a24        0x0 linker stubs
 *(.glue_7t)
 .glue_7t       0x08001a24        0x0 linker stubs
 *(.eh_frame)
 .eh_frame      0x08001a24        0x0 c:/progra~2/gnuarm~1/102021~1.10/bin/../lib/gcc/arm-none-eabi/10.3.1/thumb/v7e-m/nofp/crtbegin.o
 *(.init)
 .init          0x08001a24        0x4 c:/progra~2/gnuarm~1/102021~1.10/bin/../lib/gcc/arm-none-eabi/10.3.1/thumb/v7e-m/nofp/crti.o
                0x08001a24                _init
 .init          0x08001a28        0x8 c:/progra~2/gnuarm~1/102021~1.10/bin/../lib/gcc/arm-none-eabi/10.3.1/thumb/v7e-m/nofp/crtn.o
 *(.fini)
 .fini          0x08001a30        0x4 c:/progra~2/gnuarm~1/102021~1.10/bin/../lib/gcc/arm-none-eabi/10.3.1/thumb/v7e-m/nofp/crti.o
                0x08001a30                _fini
 .fini          0x08001a34        0x8 c:/progra~2/gnuarm~1/102021~1.10/bin/../lib/gcc/arm-none-eabi/10.3.1/thumb/v7e-m/nofp/crtn.o
                0x08001a3c                . = ALIGN (0x4)
                0x08001a3c                _etext = .

.vfp11_veneer   0x08001a3c        0x0
 .vfp11_veneer  0x08001a3c        0x0 linker stubs

.v4_bx          0x08001a3c        0x0
 .v4_bx         0x08001a3c        0x0 linker stubs

.iplt           0x08001a3c        0x0
 .iplt          0x08001a3c        0x0 c:/progra~2/gnuarm~1/102021~1.10/bin/../lib/gcc/arm-none-eabi/10.3.1/thumb/v7e-m/nofp/crtbegin.o

.rodata         0x08001a3c       0x14
                0x08001a3c                . = ALIGN (0x4)
 *(.rodata)
 *(.rodata*)
 .rodata.AHBPrescTable
                0x08001a3c       0x10 CMakeFiles/ecat_test.elf.dir/Core/Src/system_stm32f4xx.c.obj
                0x08001a3c                AHBPrescTable
 .rodata._global_impure_ptr
                0x08001a4c        0x4 c:/progra~2/gnuarm~1/102021~1.10/bin/../lib/gcc/arm-none-eabi/10.3.1/../../../../arm-none-eabi/lib/thumb/v7e-m/nofp\libg.a(lib_a-impure.o)
                0x08001a4c                _global_impure_ptr
                0x08001a50                . = ALIGN (0x4)

.ARM.extab      0x08001a50        0x0
                0x08001a50                . = ALIGN (0x4)
 *(.ARM.extab* .gnu.linkonce.armextab.*)
                0x08001a50                . = ALIGN (0x4)

.ARM            0x08001a50        0x8
                0x08001a50                . = ALIGN (0x4)
                0x08001a50                __exidx_start = .
 *(.ARM.exidx*)
 .ARM.exidx     0x08001a50        0x8 c:/progra~2/gnuarm~1/102021~1.10/bin/../lib/gcc/arm-none-eabi/10.3.1/thumb/v7e-m/nofp\libgcc.a(_udivmoddi4.o)
                0x08001a58                __exidx_end = .
                0x08001a58                . = ALIGN (0x4)

.rel.dyn        0x08001a58        0x0
 .rel.iplt      0x08001a58        0x0 c:/progra~2/gnuarm~1/102021~1.10/bin/../lib/gcc/arm-none-eabi/10.3.1/thumb/v7e-m/nofp/crtbegin.o

.preinit_array  0x08001a58        0x0
                0x08001a58                . = ALIGN (0x4)
                0x08001a58                PROVIDE (__preinit_array_start = .)
 *(.preinit_array*)
                0x08001a58                PROVIDE (__preinit_array_end = .)
                0x08001a58                . = ALIGN (0x4)

.init_array     0x08001a58        0x8
                0x08001a58                . = ALIGN (0x4)
                0x08001a58                PROVIDE (__init_array_start = .)
 *(SORT_BY_NAME(.init_array.*))
 .init_array.00000
                0x08001a58        0x4 c:/progra~2/gnuarm~1/102021~1.10/bin/../lib/gcc/arm-none-eabi/10.3.1/../../../../arm-none-eabi/lib/thumb/v7e-m/nofp\libg.a(lib_a-__call_atexit.o)
 *(.init_array*)
 .init_array    0x08001a5c        0x4 c:/progra~2/gnuarm~1/102021~1.10/bin/../lib/gcc/arm-none-eabi/10.3.1/thumb/v7e-m/nofp/crtbegin.o
                0x08001a60                PROVIDE (__init_array_end = .)
                0x08001a60                . = ALIGN (0x4)

.fini_array     0x08001a60        0x4
                0x08001a60                . = ALIGN (0x4)
                0x08001a60                PROVIDE (__fini_array_start = .)
 *(SORT_BY_NAME(.fini_array.*))
 *(.fini_array*)
 .fini_array    0x08001a60        0x4 c:/progra~2/gnuarm~1/102021~1.10/bin/../lib/gcc/arm-none-eabi/10.3.1/thumb/v7e-m/nofp/crtbegin.o
                0x08001a64                PROVIDE (__fini_array_end = .)
                0x08001a64                . = ALIGN (0x4)
                0x08001a64                _sidata = LOADADDR (.data)

.data           0x20000000      0x43c load address 0x08001a64
                0x20000000                . = ALIGN (0x4)
                0x20000000                _sdata = .
 *(.data)
 *(.data*)
 .data.SystemCoreClock
                0x20000000        0x4 CMakeFiles/ecat_test.elf.dir/Core/Src/system_stm32f4xx.c.obj
                0x20000000                SystemCoreClock
 .data.uwTickFreq
                0x20000004        0x1 CMakeFiles/ecat_test.elf.dir/Drivers/STM32F4xx_HAL_Driver/Src/stm32f4xx_hal.c.obj
                0x20000004                uwTickFreq
 *fill*         0x20000005        0x3 
 .data.uwTickPrio
                0x20000008        0x4 CMakeFiles/ecat_test.elf.dir/Drivers/STM32F4xx_HAL_Driver/Src/stm32f4xx_hal.c.obj
                0x20000008                uwTickPrio
 *fill*         0x2000000c        0x4 
 .data.impure_data
                0x20000010      0x428 c:/progra~2/gnuarm~1/102021~1.10/bin/../lib/gcc/arm-none-eabi/10.3.1/../../../../arm-none-eabi/lib/thumb/v7e-m/nofp\libg.a(lib_a-impure.o)
 .data.__atexit_recursive_mutex
                0x20000438        0x4 c:/progra~2/gnuarm~1/102021~1.10/bin/../lib/gcc/arm-none-eabi/10.3.1/../../../../arm-none-eabi/lib/thumb/v7e-m/nofp\libg.a(lib_a-__call_atexit.o)
                0x20000438                __atexit_recursive_mutex
 *(.RamFunc)
 *(.RamFunc*)
                0x2000043c                . = ALIGN (0x4)
                0x2000043c                _edata = .
                0x08001ea0                _siccmram = LOADADDR (.ccmram)

.igot.plt       0x2000043c        0x0 load address 0x08001ea0
 .igot.plt      0x2000043c        0x0 c:/progra~2/gnuarm~1/102021~1.10/bin/../lib/gcc/arm-none-eabi/10.3.1/thumb/v7e-m/nofp/crtbegin.o

.ccmram         0x10000000        0x0 load address 0x08001ea0
                0x10000000                . = ALIGN (0x4)
                0x10000000                _sccmram = .
 *(.ccmram)
 *(.ccmram*)
                0x10000000                . = ALIGN (0x4)
                0x10000000                _eccmram = .
                0x10000000                . = ALIGN (0x4)

.bss            0x2000043c       0xc4
                0x2000043c                _sbss = .
                0x2000043c                __bss_start__ = _sbss
 *(.bss)
 .bss           0x2000043c       0x1c c:/progra~2/gnuarm~1/102021~1.10/bin/../lib/gcc/arm-none-eabi/10.3.1/thumb/v7e-m/nofp/crtbegin.o
 *(.bss*)
 .bss.hspi2     0x20000458       0x58 CMakeFiles/ecat_test.elf.dir/Core/Src/spi.c.obj
                0x20000458                hspi2
 .bss.htim4     0x200004b0       0x48 CMakeFiles/ecat_test.elf.dir/Core/Src/tim.c.obj
                0x200004b0                htim4
 .bss.uwTick    0x200004f8        0x4 CMakeFiles/ecat_test.elf.dir/Drivers/STM32F4xx_HAL_Driver/Src/stm32f4xx_hal.c.obj
                0x200004f8                uwTick
 .bss.__lock___atexit_recursive_mutex
                0x200004fc        0x1 c:/progra~2/gnuarm~1/102021~1.10/bin/../lib/gcc/arm-none-eabi/10.3.1/../../../../arm-none-eabi/lib/thumb/v7e-m/nofp\libg.a(lib_a-lock.o)
                0x200004fc                __lock___atexit_recursive_mutex
 *(COMMON)
                0x20000500                . = ALIGN (0x4)
 *fill*         0x200004fd        0x3 
                0x20000500                _ebss = .
                0x20000500                __bss_end__ = _ebss

._user_heap_stack
                0x20000500      0x600
                0x20000500                . = ALIGN (0x8)
                [!provide]                PROVIDE (end = .)
                0x20000500                PROVIDE (_end = .)
                0x20000700                . = (. + _Min_Heap_Size)
 *fill*         0x20000500      0x200 
                0x20000b00                . = (. + _Min_Stack_Size)
 *fill*         0x20000700      0x400 
                0x20000b00                . = ALIGN (0x8)

/DISCARD/
 libc.a(*)
 libm.a(*)
 libgcc.a(*)

.ARM.attributes
                0x00000000       0x2a
 *(.ARM.attributes)
 .ARM.attributes
                0x00000000       0x1e c:/progra~2/gnuarm~1/102021~1.10/bin/../lib/gcc/arm-none-eabi/10.3.1/thumb/v7e-m/nofp/crti.o
 .ARM.attributes
                0x0000001e       0x2e c:/progra~2/gnuarm~1/102021~1.10/bin/../lib/gcc/arm-none-eabi/10.3.1/thumb/v7e-m/nofp/crtbegin.o
 .ARM.attributes
                0x0000004c       0x2e CMakeFiles/ecat_test.elf.dir/Core/Src/gpio.c.obj
 .ARM.attributes
                0x0000007a       0x2e CMakeFiles/ecat_test.elf.dir/Core/Src/main.c.obj
 .ARM.attributes
                0x000000a8       0x2e CMakeFiles/ecat_test.elf.dir/Core/Src/spi.c.obj
 .ARM.attributes
                0x000000d6       0x2e CMakeFiles/ecat_test.elf.dir/Core/Src/stm32f4xx_hal_msp.c.obj
 .ARM.attributes
                0x00000104       0x2e CMakeFiles/ecat_test.elf.dir/Core/Src/stm32f4xx_it.c.obj
 .ARM.attributes
                0x00000132       0x2e CMakeFiles/ecat_test.elf.dir/Core/Src/system_stm32f4xx.c.obj
 .ARM.attributes
                0x00000160       0x2e CMakeFiles/ecat_test.elf.dir/Core/Src/tim.c.obj
 .ARM.attributes
                0x0000018e       0x21 CMakeFiles/ecat_test.elf.dir/Core/Startup/startup_stm32f405rgtx.s.obj
 .ARM.attributes
                0x000001af       0x2e CMakeFiles/ecat_test.elf.dir/Drivers/STM32F4xx_HAL_Driver/Src/stm32f4xx_hal.c.obj
 .ARM.attributes
                0x000001dd       0x2e CMakeFiles/ecat_test.elf.dir/Drivers/STM32F4xx_HAL_Driver/Src/stm32f4xx_hal_cortex.c.obj
 .ARM.attributes
                0x0000020b       0x2e CMakeFiles/ecat_test.elf.dir/Drivers/STM32F4xx_HAL_Driver/Src/stm32f4xx_hal_gpio.c.obj
 .ARM.attributes
                0x00000239       0x2e CMakeFiles/ecat_test.elf.dir/Drivers/STM32F4xx_HAL_Driver/Src/stm32f4xx_hal_rcc.c.obj
 .ARM.attributes
                0x00000267       0x2e CMakeFiles/ecat_test.elf.dir/Drivers/STM32F4xx_HAL_Driver/Src/stm32f4xx_hal_spi.c.obj
 .ARM.attributes
                0x00000295       0x2e CMakeFiles/ecat_test.elf.dir/Drivers/STM32F4xx_HAL_Driver/Src/stm32f4xx_hal_tim.c.obj
 .ARM.attributes
                0x000002c3       0x2e CMakeFiles/ecat_test.elf.dir/Drivers/STM32F4xx_HAL_Driver/Src/stm32f4xx_hal_tim_ex.c.obj
 .ARM.attributes
                0x000002f1       0x1e c:/progra~2/gnuarm~1/102021~1.10/bin/../lib/gcc/arm-none-eabi/10.3.1/thumb/v7e-m/nofp\libgcc.a(_aeabi_uldivmod.o)
 .ARM.attributes
                0x0000030f       0x2e c:/progra~2/gnuarm~1/102021~1.10/bin/../lib/gcc/arm-none-eabi/10.3.1/thumb/v7e-m/nofp\libgcc.a(_udivmoddi4.o)
 .ARM.attributes
                0x0000033d       0x1e c:/progra~2/gnuarm~1/102021~1.10/bin/../lib/gcc/arm-none-eabi/10.3.1/thumb/v7e-m/nofp\libgcc.a(_dvmd_tls.o)
 .ARM.attributes
                0x0000035b       0x2e c:/progra~2/gnuarm~1/102021~1.10/bin/../lib/gcc/arm-none-eabi/10.3.1/../../../../arm-none-eabi/lib/thumb/v7e-m/nofp\libg.a(lib_a-impure.o)
 .ARM.attributes
                0x00000389       0x2e c:/progra~2/gnuarm~1/102021~1.10/bin/../lib/gcc/arm-none-eabi/10.3.1/../../../../arm-none-eabi/lib/thumb/v7e-m/nofp\libg.a(lib_a-init.o)
 .ARM.attributes
                0x000003b7       0x2e c:/progra~2/gnuarm~1/102021~1.10/bin/../lib/gcc/arm-none-eabi/10.3.1/../../../../arm-none-eabi/lib/thumb/v7e-m/nofp\libg.a(lib_a-memset.o)
 .ARM.attributes
                0x000003e5       0x2e c:/progra~2/gnuarm~1/102021~1.10/bin/../lib/gcc/arm-none-eabi/10.3.1/../../../../arm-none-eabi/lib/thumb/v7e-m/nofp\libg.a(lib_a-__call_atexit.o)
 .ARM.attributes
                0x00000413       0x2e c:/progra~2/gnuarm~1/102021~1.10/bin/../lib/gcc/arm-none-eabi/10.3.1/../../../../arm-none-eabi/lib/thumb/v7e-m/nofp\libg.a(lib_a-atexit.o)
 .ARM.attributes
                0x00000441       0x2e c:/progra~2/gnuarm~1/102021~1.10/bin/../lib/gcc/arm-none-eabi/10.3.1/../../../../arm-none-eabi/lib/thumb/v7e-m/nofp\libg.a(lib_a-fini.o)
 .ARM.attributes
                0x0000046f       0x2e c:/progra~2/gnuarm~1/102021~1.10/bin/../lib/gcc/arm-none-eabi/10.3.1/../../../../arm-none-eabi/lib/thumb/v7e-m/nofp\libg.a(lib_a-lock.o)
 .ARM.attributes
                0x0000049d       0x2e c:/progra~2/gnuarm~1/102021~1.10/bin/../lib/gcc/arm-none-eabi/10.3.1/../../../../arm-none-eabi/lib/thumb/v7e-m/nofp\libg.a(lib_a-__atexit.o)
 .ARM.attributes
                0x000004cb       0x1e c:/progra~2/gnuarm~1/102021~1.10/bin/../lib/gcc/arm-none-eabi/10.3.1/thumb/v7e-m/nofp/crtn.o
OUTPUT(ecat_test.elf elf32-littlearm)
LOAD linker stubs
LOAD c:/progra~2/gnuarm~1/102021~1.10/bin/../lib/gcc/arm-none-eabi/10.3.1/../../../../arm-none-eabi/lib/thumb/v7e-m/nofp\libc.a
LOAD c:/progra~2/gnuarm~1/102021~1.10/bin/../lib/gcc/arm-none-eabi/10.3.1/../../../../arm-none-eabi/lib/thumb/v7e-m/nofp\libm.a
LOAD c:/progra~2/gnuarm~1/102021~1.10/bin/../lib/gcc/arm-none-eabi/10.3.1/thumb/v7e-m/nofp\libgcc.a

.debug_info     0x00000000     0xd881
 .debug_info    0x00000000      0x793 CMakeFiles/ecat_test.elf.dir/Core/Src/gpio.c.obj
 .debug_info    0x00000793      0x6f5 CMakeFiles/ecat_test.elf.dir/Core/Src/main.c.obj
 .debug_info    0x00000e88      0xa6f CMakeFiles/ecat_test.elf.dir/Core/Src/spi.c.obj
 .debug_info    0x000018f7      0x2c8 CMakeFiles/ecat_test.elf.dir/Core/Src/stm32f4xx_hal_msp.c.obj
 .debug_info    0x00001bbf      0x7de CMakeFiles/ecat_test.elf.dir/Core/Src/stm32f4xx_it.c.obj
 .debug_info    0x0000239d      0x37d CMakeFiles/ecat_test.elf.dir/Core/Src/system_stm32f4xx.c.obj
 .debug_info    0x0000271a      0xc99 CMakeFiles/ecat_test.elf.dir/Core/Src/tim.c.obj
 .debug_info    0x000033b3       0x22 CMakeFiles/ecat_test.elf.dir/Core/Startup/startup_stm32f405rgtx.s.obj
 .debug_info    0x000033d5      0x9de CMakeFiles/ecat_test.elf.dir/Drivers/STM32F4xx_HAL_Driver/Src/stm32f4xx_hal.c.obj
 .debug_info    0x00003db3     0x1099 CMakeFiles/ecat_test.elf.dir/Drivers/STM32F4xx_HAL_Driver/Src/stm32f4xx_hal_cortex.c.obj
 .debug_info    0x00004e4c      0x7b0 CMakeFiles/ecat_test.elf.dir/Drivers/STM32F4xx_HAL_Driver/Src/stm32f4xx_hal_gpio.c.obj
 .debug_info    0x000055fc      0xb03 CMakeFiles/ecat_test.elf.dir/Drivers/STM32F4xx_HAL_Driver/Src/stm32f4xx_hal_rcc.c.obj
 .debug_info    0x000060ff     0x1eb9 CMakeFiles/ecat_test.elf.dir/Drivers/STM32F4xx_HAL_Driver/Src/stm32f4xx_hal_spi.c.obj
 .debug_info    0x00007fb8     0x3dc6 CMakeFiles/ecat_test.elf.dir/Drivers/STM32F4xx_HAL_Driver/Src/stm32f4xx_hal_tim.c.obj
 .debug_info    0x0000bd7e     0x1b03 CMakeFiles/ecat_test.elf.dir/Drivers/STM32F4xx_HAL_Driver/Src/stm32f4xx_hal_tim_ex.c.obj

.debug_abbrev   0x00000000     0x1b5d
 .debug_abbrev  0x00000000      0x16a CMakeFiles/ecat_test.elf.dir/Core/Src/gpio.c.obj
 .debug_abbrev  0x0000016a      0x1c2 CMakeFiles/ecat_test.elf.dir/Core/Src/main.c.obj
 .debug_abbrev  0x0000032c      0x1d3 CMakeFiles/ecat_test.elf.dir/Core/Src/spi.c.obj
 .debug_abbrev  0x000004ff       0xf4 CMakeFiles/ecat_test.elf.dir/Core/Src/stm32f4xx_hal_msp.c.obj
 .debug_abbrev  0x000005f3      0x1a3 CMakeFiles/ecat_test.elf.dir/Core/Src/stm32f4xx_it.c.obj
 .debug_abbrev  0x00000796      0x119 CMakeFiles/ecat_test.elf.dir/Core/Src/system_stm32f4xx.c.obj
 .debug_abbrev  0x000008af      0x1de CMakeFiles/ecat_test.elf.dir/Core/Src/tim.c.obj
 .debug_abbrev  0x00000a8d       0x12 CMakeFiles/ecat_test.elf.dir/Core/Startup/startup_stm32f405rgtx.s.obj
 .debug_abbrev  0x00000a9f      0x206 CMakeFiles/ecat_test.elf.dir/Drivers/STM32F4xx_HAL_Driver/Src/stm32f4xx_hal.c.obj
 .debug_abbrev  0x00000ca5      0x36a CMakeFiles/ecat_test.elf.dir/Drivers/STM32F4xx_HAL_Driver/Src/stm32f4xx_hal_cortex.c.obj
 .debug_abbrev  0x0000100f      0x1ef CMakeFiles/ecat_test.elf.dir/Drivers/STM32F4xx_HAL_Driver/Src/stm32f4xx_hal_gpio.c.obj
 .debug_abbrev  0x000011fe      0x28a CMakeFiles/ecat_test.elf.dir/Drivers/STM32F4xx_HAL_Driver/Src/stm32f4xx_hal_rcc.c.obj
 .debug_abbrev  0x00001488      0x25b CMakeFiles/ecat_test.elf.dir/Drivers/STM32F4xx_HAL_Driver/Src/stm32f4xx_hal_spi.c.obj
 .debug_abbrev  0x000016e3      0x232 CMakeFiles/ecat_test.elf.dir/Drivers/STM32F4xx_HAL_Driver/Src/stm32f4xx_hal_tim.c.obj
 .debug_abbrev  0x00001915      0x248 CMakeFiles/ecat_test.elf.dir/Drivers/STM32F4xx_HAL_Driver/Src/stm32f4xx_hal_tim_ex.c.obj

.debug_aranges  0x00000000      0xb28
 .debug_aranges
                0x00000000       0x20 CMakeFiles/ecat_test.elf.dir/Core/Src/gpio.c.obj
 .debug_aranges
                0x00000020       0x30 CMakeFiles/ecat_test.elf.dir/Core/Src/main.c.obj
 .debug_aranges
                0x00000050       0x30 CMakeFiles/ecat_test.elf.dir/Core/Src/spi.c.obj
 .debug_aranges
                0x00000080       0x20 CMakeFiles/ecat_test.elf.dir/Core/Src/stm32f4xx_hal_msp.c.obj
 .debug_aranges
                0x000000a0       0x80 CMakeFiles/ecat_test.elf.dir/Core/Src/stm32f4xx_it.c.obj
 .debug_aranges
                0x00000120       0x28 CMakeFiles/ecat_test.elf.dir/Core/Src/system_stm32f4xx.c.obj
 .debug_aranges
                0x00000148       0x30 CMakeFiles/ecat_test.elf.dir/Core/Src/tim.c.obj
 .debug_aranges
                0x00000178       0x28 CMakeFiles/ecat_test.elf.dir/Core/Startup/startup_stm32f405rgtx.s.obj
 .debug_aranges
                0x000001a0       0xf0 CMakeFiles/ecat_test.elf.dir/Drivers/STM32F4xx_HAL_Driver/Src/stm32f4xx_hal.c.obj
 .debug_aranges
                0x00000290       0xb0 CMakeFiles/ecat_test.elf.dir/Drivers/STM32F4xx_HAL_Driver/Src/stm32f4xx_hal_cortex.c.obj
 .debug_aranges
                0x00000340       0x58 CMakeFiles/ecat_test.elf.dir/Drivers/STM32F4xx_HAL_Driver/Src/stm32f4xx_hal_gpio.c.obj
 .debug_aranges
                0x00000398       0x88 CMakeFiles/ecat_test.elf.dir/Drivers/STM32F4xx_HAL_Driver/Src/stm32f4xx_hal_rcc.c.obj
 .debug_aranges
                0x00000420      0x1d0 CMakeFiles/ecat_test.elf.dir/Drivers/STM32F4xx_HAL_Driver/Src/stm32f4xx_hal_spi.c.obj
 .debug_aranges
                0x000005f0      0x3d0 CMakeFiles/ecat_test.elf.dir/Drivers/STM32F4xx_HAL_Driver/Src/stm32f4xx_hal_tim.c.obj
 .debug_aranges
                0x000009c0      0x168 CMakeFiles/ecat_test.elf.dir/Drivers/STM32F4xx_HAL_Driver/Src/stm32f4xx_hal_tim_ex.c.obj

.debug_ranges   0x00000000      0xab8
 .debug_ranges  0x00000000       0x10 CMakeFiles/ecat_test.elf.dir/Core/Src/gpio.c.obj
 .debug_ranges  0x00000010       0x20 CMakeFiles/ecat_test.elf.dir/Core/Src/main.c.obj
 .debug_ranges  0x00000030       0x20 CMakeFiles/ecat_test.elf.dir/Core/Src/spi.c.obj
 .debug_ranges  0x00000050       0x10 CMakeFiles/ecat_test.elf.dir/Core/Src/stm32f4xx_hal_msp.c.obj
 .debug_ranges  0x00000060       0x70 CMakeFiles/ecat_test.elf.dir/Core/Src/stm32f4xx_it.c.obj
 .debug_ranges  0x000000d0       0x18 CMakeFiles/ecat_test.elf.dir/Core/Src/system_stm32f4xx.c.obj
 .debug_ranges  0x000000e8       0x20 CMakeFiles/ecat_test.elf.dir/Core/Src/tim.c.obj
 .debug_ranges  0x00000108       0x20 CMakeFiles/ecat_test.elf.dir/Core/Startup/startup_stm32f405rgtx.s.obj
 .debug_ranges  0x00000128       0xe0 CMakeFiles/ecat_test.elf.dir/Drivers/STM32F4xx_HAL_Driver/Src/stm32f4xx_hal.c.obj
 .debug_ranges  0x00000208      0x100 CMakeFiles/ecat_test.elf.dir/Drivers/STM32F4xx_HAL_Driver/Src/stm32f4xx_hal_cortex.c.obj
 .debug_ranges  0x00000308       0x48 CMakeFiles/ecat_test.elf.dir/Drivers/STM32F4xx_HAL_Driver/Src/stm32f4xx_hal_gpio.c.obj
 .debug_ranges  0x00000350       0x90 CMakeFiles/ecat_test.elf.dir/Drivers/STM32F4xx_HAL_Driver/Src/stm32f4xx_hal_rcc.c.obj
 .debug_ranges  0x000003e0      0x1c0 CMakeFiles/ecat_test.elf.dir/Drivers/STM32F4xx_HAL_Driver/Src/stm32f4xx_hal_spi.c.obj
 .debug_ranges  0x000005a0      0x3c0 CMakeFiles/ecat_test.elf.dir/Drivers/STM32F4xx_HAL_Driver/Src/stm32f4xx_hal_tim.c.obj
 .debug_ranges  0x00000960      0x158 CMakeFiles/ecat_test.elf.dir/Drivers/STM32F4xx_HAL_Driver/Src/stm32f4xx_hal_tim_ex.c.obj

.debug_line     0x00000000     0xc278
 .debug_line    0x00000000      0x24d CMakeFiles/ecat_test.elf.dir/Core/Src/gpio.c.obj
 .debug_line    0x0000024d      0x3b2 CMakeFiles/ecat_test.elf.dir/Core/Src/main.c.obj
 .debug_line    0x000005ff      0x368 CMakeFiles/ecat_test.elf.dir/Core/Src/spi.c.obj
 .debug_line    0x00000967      0x1cd CMakeFiles/ecat_test.elf.dir/Core/Src/stm32f4xx_hal_msp.c.obj
 .debug_line    0x00000b34      0x36a CMakeFiles/ecat_test.elf.dir/Core/Src/stm32f4xx_it.c.obj
 .debug_line    0x00000e9e      0x23b CMakeFiles/ecat_test.elf.dir/Core/Src/system_stm32f4xx.c.obj
 .debug_line    0x000010d9      0x32c CMakeFiles/ecat_test.elf.dir/Core/Src/tim.c.obj
 .debug_line    0x00001405       0xa3 CMakeFiles/ecat_test.elf.dir/Core/Startup/startup_stm32f405rgtx.s.obj
 .debug_line    0x000014a8      0x5b9 CMakeFiles/ecat_test.elf.dir/Drivers/STM32F4xx_HAL_Driver/Src/stm32f4xx_hal.c.obj
 .debug_line    0x00001a61      0x7e5 CMakeFiles/ecat_test.elf.dir/Drivers/STM32F4xx_HAL_Driver/Src/stm32f4xx_hal_cortex.c.obj
 .debug_line    0x00002246      0x717 CMakeFiles/ecat_test.elf.dir/Drivers/STM32F4xx_HAL_Driver/Src/stm32f4xx_hal_gpio.c.obj
 .debug_line    0x0000295d      0xb46 CMakeFiles/ecat_test.elf.dir/Drivers/STM32F4xx_HAL_Driver/Src/stm32f4xx_hal_rcc.c.obj
 .debug_line    0x000034a3     0x25e0 CMakeFiles/ecat_test.elf.dir/Drivers/STM32F4xx_HAL_Driver/Src/stm32f4xx_hal_spi.c.obj
 .debug_line    0x00005a83     0x4b0f CMakeFiles/ecat_test.elf.dir/Drivers/STM32F4xx_HAL_Driver/Src/stm32f4xx_hal_tim.c.obj
 .debug_line    0x0000a592     0x1ce6 CMakeFiles/ecat_test.elf.dir/Drivers/STM32F4xx_HAL_Driver/Src/stm32f4xx_hal_tim_ex.c.obj

.debug_str      0x00000000     0x394e
 .debug_str     0x00000000      0x839 CMakeFiles/ecat_test.elf.dir/Core/Src/gpio.c.obj
                                0x889 (size before relaxing)
 .debug_str     0x00000839      0x210 CMakeFiles/ecat_test.elf.dir/Core/Src/main.c.obj
                                0x53c (size before relaxing)
 .debug_str     0x00000a49      0x44b CMakeFiles/ecat_test.elf.dir/Core/Src/spi.c.obj
                                0x81d (size before relaxing)
 .debug_str     0x00000e94       0x64 CMakeFiles/ecat_test.elf.dir/Core/Src/stm32f4xx_hal_msp.c.obj
                                0x300 (size before relaxing)
 .debug_str     0x00000ef8      0x3ed CMakeFiles/ecat_test.elf.dir/Core/Src/stm32f4xx_it.c.obj
                                0x819 (size before relaxing)
 .debug_str     0x000012e5       0xa2 CMakeFiles/ecat_test.elf.dir/Core/Src/system_stm32f4xx.c.obj
                                0x349 (size before relaxing)
 .debug_str     0x00001387      0x16b CMakeFiles/ecat_test.elf.dir/Core/Src/tim.c.obj
                                0xe70 (size before relaxing)
 .debug_str     0x000014f2       0x51 CMakeFiles/ecat_test.elf.dir/Core/Startup/startup_stm32f405rgtx.s.obj
                                 0x81 (size before relaxing)
 .debug_str     0x00001543      0x34b CMakeFiles/ecat_test.elf.dir/Drivers/STM32F4xx_HAL_Driver/Src/stm32f4xx_hal.c.obj
                                0xb61 (size before relaxing)
 .debug_str     0x0000188e      0x4b3 CMakeFiles/ecat_test.elf.dir/Drivers/STM32F4xx_HAL_Driver/Src/stm32f4xx_hal_cortex.c.obj
                                0xc4a (size before relaxing)
 .debug_str     0x00001d41      0x12a CMakeFiles/ecat_test.elf.dir/Drivers/STM32F4xx_HAL_Driver/Src/stm32f4xx_hal_gpio.c.obj
                                0x508 (size before relaxing)
 .debug_str     0x00001e6b      0x1bf CMakeFiles/ecat_test.elf.dir/Drivers/STM32F4xx_HAL_Driver/Src/stm32f4xx_hal_rcc.c.obj
                                0x72e (size before relaxing)
 .debug_str     0x0000202a      0x57e CMakeFiles/ecat_test.elf.dir/Drivers/STM32F4xx_HAL_Driver/Src/stm32f4xx_hal_spi.c.obj
                                0xc22 (size before relaxing)
 .debug_str     0x000025a8      0xe67 CMakeFiles/ecat_test.elf.dir/Drivers/STM32F4xx_HAL_Driver/Src/stm32f4xx_hal_tim.c.obj
                               0x16f1 (size before relaxing)
 .debug_str     0x0000340f      0x53f CMakeFiles/ecat_test.elf.dir/Drivers/STM32F4xx_HAL_Driver/Src/stm32f4xx_hal_tim_ex.c.obj
                                0xee2 (size before relaxing)

.comment        0x00000000       0x49
 .comment       0x00000000       0x49 CMakeFiles/ecat_test.elf.dir/Core/Src/gpio.c.obj
                                 0x4a (size before relaxing)
 .comment       0x00000049       0x4a CMakeFiles/ecat_test.elf.dir/Core/Src/main.c.obj
 .comment       0x00000049       0x4a CMakeFiles/ecat_test.elf.dir/Core/Src/spi.c.obj
 .comment       0x00000049       0x4a CMakeFiles/ecat_test.elf.dir/Core/Src/stm32f4xx_hal_msp.c.obj
 .comment       0x00000049       0x4a CMakeFiles/ecat_test.elf.dir/Core/Src/stm32f4xx_it.c.obj
 .comment       0x00000049       0x4a CMakeFiles/ecat_test.elf.dir/Core/Src/system_stm32f4xx.c.obj
 .comment       0x00000049       0x4a CMakeFiles/ecat_test.elf.dir/Core/Src/tim.c.obj
 .comment       0x00000049       0x4a CMakeFiles/ecat_test.elf.dir/Drivers/STM32F4xx_HAL_Driver/Src/stm32f4xx_hal.c.obj
 .comment       0x00000049       0x4a CMakeFiles/ecat_test.elf.dir/Drivers/STM32F4xx_HAL_Driver/Src/stm32f4xx_hal_cortex.c.obj
 .comment       0x00000049       0x4a CMakeFiles/ecat_test.elf.dir/Drivers/STM32F4xx_HAL_Driver/Src/stm32f4xx_hal_gpio.c.obj
 .comment       0x00000049       0x4a CMakeFiles/ecat_test.elf.dir/Drivers/STM32F4xx_HAL_Driver/Src/stm32f4xx_hal_rcc.c.obj
 .comment       0x00000049       0x4a CMakeFiles/ecat_test.elf.dir/Drivers/STM32F4xx_HAL_Driver/Src/stm32f4xx_hal_spi.c.obj
 .comment       0x00000049       0x4a CMakeFiles/ecat_test.elf.dir/Drivers/STM32F4xx_HAL_Driver/Src/stm32f4xx_hal_tim.c.obj
 .comment       0x00000049       0x4a CMakeFiles/ecat_test.elf.dir/Drivers/STM32F4xx_HAL_Driver/Src/stm32f4xx_hal_tim_ex.c.obj

.debug_frame    0x00000000     0x1f6c
 .debug_frame   0x00000000       0x34 CMakeFiles/ecat_test.elf.dir/Core/Src/gpio.c.obj
 .debug_frame   0x00000034       0x58 CMakeFiles/ecat_test.elf.dir/Core/Src/main.c.obj
 .debug_frame   0x0000008c       0x68 CMakeFiles/ecat_test.elf.dir/Core/Src/spi.c.obj
 .debug_frame   0x000000f4       0x2c CMakeFiles/ecat_test.elf.dir/Core/Src/stm32f4xx_hal_msp.c.obj
 .debug_frame   0x00000120      0x108 CMakeFiles/ecat_test.elf.dir/Core/Src/stm32f4xx_it.c.obj
 .debug_frame   0x00000228       0x30 CMakeFiles/ecat_test.elf.dir/Core/Src/system_stm32f4xx.c.obj
 .debug_frame   0x00000258       0x64 CMakeFiles/ecat_test.elf.dir/Core/Src/tim.c.obj
 .debug_frame   0x000002bc      0x1ec CMakeFiles/ecat_test.elf.dir/Drivers/STM32F4xx_HAL_Driver/Src/stm32f4xx_hal.c.obj
 .debug_frame   0x000004a8      0x158 CMakeFiles/ecat_test.elf.dir/Drivers/STM32F4xx_HAL_Driver/Src/stm32f4xx_hal_cortex.c.obj
 .debug_frame   0x00000600       0xd8 CMakeFiles/ecat_test.elf.dir/Drivers/STM32F4xx_HAL_Driver/Src/stm32f4xx_hal_gpio.c.obj
 .debug_frame   0x000006d8      0x16c CMakeFiles/ecat_test.elf.dir/Drivers/STM32F4xx_HAL_Driver/Src/stm32f4xx_hal_rcc.c.obj
 .debug_frame   0x00000844      0x5c8 CMakeFiles/ecat_test.elf.dir/Drivers/STM32F4xx_HAL_Driver/Src/stm32f4xx_hal_spi.c.obj
 .debug_frame   0x00000e0c      0xb08 CMakeFiles/ecat_test.elf.dir/Drivers/STM32F4xx_HAL_Driver/Src/stm32f4xx_hal_tim.c.obj
 .debug_frame   0x00001914      0x40c CMakeFiles/ecat_test.elf.dir/Drivers/STM32F4xx_HAL_Driver/Src/stm32f4xx_hal_tim_ex.c.obj
 .debug_frame   0x00001d20       0x2c c:/progra~2/gnuarm~1/102021~1.10/bin/../lib/gcc/arm-none-eabi/10.3.1/thumb/v7e-m/nofp\libgcc.a(_aeabi_uldivmod.o)
 .debug_frame   0x00001d4c       0x34 c:/progra~2/gnuarm~1/102021~1.10/bin/../lib/gcc/arm-none-eabi/10.3.1/thumb/v7e-m/nofp\libgcc.a(_udivmoddi4.o)
 .debug_frame   0x00001d80       0x2c c:/progra~2/gnuarm~1/102021~1.10/bin/../lib/gcc/arm-none-eabi/10.3.1/../../../../arm-none-eabi/lib/thumb/v7e-m/nofp\libg.a(lib_a-init.o)
 .debug_frame   0x00001dac       0x2c c:/progra~2/gnuarm~1/102021~1.10/bin/../lib/gcc/arm-none-eabi/10.3.1/../../../../arm-none-eabi/lib/thumb/v7e-m/nofp\libg.a(lib_a-memset.o)
 .debug_frame   0x00001dd8       0x5c c:/progra~2/gnuarm~1/102021~1.10/bin/../lib/gcc/arm-none-eabi/10.3.1/../../../../arm-none-eabi/lib/thumb/v7e-m/nofp\libg.a(lib_a-__call_atexit.o)
 .debug_frame   0x00001e34       0x20 c:/progra~2/gnuarm~1/102021~1.10/bin/../lib/gcc/arm-none-eabi/10.3.1/../../../../arm-none-eabi/lib/thumb/v7e-m/nofp\libg.a(lib_a-atexit.o)
 .debug_frame   0x00001e54       0x34 c:/progra~2/gnuarm~1/102021~1.10/bin/../lib/gcc/arm-none-eabi/10.3.1/../../../../arm-none-eabi/lib/thumb/v7e-m/nofp\libg.a(lib_a-fini.o)
 .debug_frame   0x00001e88       0xb0 c:/progra~2/gnuarm~1/102021~1.10/bin/../lib/gcc/arm-none-eabi/10.3.1/../../../../arm-none-eabi/lib/thumb/v7e-m/nofp\libg.a(lib_a-lock.o)
 .debug_frame   0x00001f38       0x34 c:/progra~2/gnuarm~1/102021~1.10/bin/../lib/gcc/arm-none-eabi/10.3.1/../../../../arm-none-eabi/lib/thumb/v7e-m/nofp\libg.a(lib_a-__atexit.o)

.debug_loc      0x00000000     0xa25b
 .debug_loc     0x00000000       0x84 CMakeFiles/ecat_test.elf.dir/Core/Src/spi.c.obj
 .debug_loc     0x00000084      0x158 CMakeFiles/ecat_test.elf.dir/Core/Src/system_stm32f4xx.c.obj
 .debug_loc     0x000001dc       0x67 CMakeFiles/ecat_test.elf.dir/Core/Src/tim.c.obj
 .debug_loc     0x00000243      0x141 CMakeFiles/ecat_test.elf.dir/Drivers/STM32F4xx_HAL_Driver/Src/stm32f4xx_hal.c.obj
 .debug_loc     0x00000384      0x744 CMakeFiles/ecat_test.elf.dir/Drivers/STM32F4xx_HAL_Driver/Src/stm32f4xx_hal_cortex.c.obj
 .debug_loc     0x00000ac8      0x520 CMakeFiles/ecat_test.elf.dir/Drivers/STM32F4xx_HAL_Driver/Src/stm32f4xx_hal_gpio.c.obj
 .debug_loc     0x00000fe8      0x58c CMakeFiles/ecat_test.elf.dir/Drivers/STM32F4xx_HAL_Driver/Src/stm32f4xx_hal_rcc.c.obj
 .debug_loc     0x00001574     0x1f70 CMakeFiles/ecat_test.elf.dir/Drivers/STM32F4xx_HAL_Driver/Src/stm32f4xx_hal_spi.c.obj
 .debug_loc     0x000034e4     0x50ad CMakeFiles/ecat_test.elf.dir/Drivers/STM32F4xx_HAL_Driver/Src/stm32f4xx_hal_tim.c.obj
 .debug_loc     0x00008591     0x1cca CMakeFiles/ecat_test.elf.dir/Drivers/STM32F4xx_HAL_Driver/Src/stm32f4xx_hal_tim_ex.c.obj
